-[Foo c:] 0
-[Foo c:] 1
-[Foo c:] 2
-[Foo c:] 3
-[Foo c:] 4
-[Foo c:] 5
-[Foo c:] 6
-[Foo c:] 7
-[Foo c:] 8
-[Foo c:] 9
-[Foo c:] 10
-[Foo c:] 11
-[Foo c:] 12
-[Foo c:] 13
-[Foo c:] 14
-[Foo c:] 15
-[Foo c:] 16
-[Foo c:] 17
-[Foo c:] 63
-[Foo c:] 18
-[Foo c:] 62
-[Foo c:] 19
-[Foo c:] 61
-[Foo c:] 20
-[Foo c:] 60
-[Foo c:] 21
-[Foo c:] 59
-[Foo c:] 22
-[Foo c:] 58
-[Foo c:] 23
-[Foo c:] 57
-[Foo c:] 24
-[Foo c:] 56
-[Foo c:] 25
-[Foo c:] 55
-[Foo c:] 26
-[Foo c:] 54
-[Foo c:] 27
-[Foo c:] 53
-[Foo c:] 28
-[Foo c:] 52
-[Foo c:] 29
-[Foo c:] 51
-[Foo c:] 30
-[Foo c:] 50
-[Foo c:] 31
-[Foo c:] 49
-[Foo c:] 48
-[Foo c:] 47
-[Foo c:] 46
-[Foo c:] 45
-[Foo c:] 44
-[Foo c:] 43
-[Foo c:] 42
-[Foo c:] 41
-[Foo c:] 40
-[Foo c:] 39
-[Foo c:] 38
-[Foo c:] 37
-[Foo c:] 36
-[Foo c:] 35
-[Foo c:] 34
-[Foo c:] 33
-[Foo c:] 32
-[Foo c:] 1848
-[Foo a:] 1848
