NSCalendarDate 43200.000 -> "01-01-01T12:00:00Z+0000"
NSDate 43200.000 -> "01-01-01T12:00:00Z+0000"
